---
source: tests/cli.rs
expression: stderr_norm
---
error: Permission denied (os error 13)

